#N      seismo
#S      Sun SPARCstation 1+; SunOS 4.1.1
#O      Center for Seismic Studies
#C      David S. Comay
#E      postmaster@seismo.CSS.GOV, seismo!postmaster
#T      +1 703 276 7900
#P      1300 North 17th Street, Suite 1450, Arlington, VA 22209-3871
#L      38 53 40 N / 077 04 34 W
#R
#U      darwin.sura.net esosun expres.expres.nsf.gov hal lll-winken news.bbn.com
#U      rsg1 sundc ukma uunet
#W      dsc@seismo.CSS.GOV (David S. Comay); Tue Apr  7 10:20:25 EDT 1992
#I	Warren Toomey (seismo!wkt); minnie.tuhs.org:5500
#
seismo  cmcl2(DIRECT), philabs(DIRECT), mcvax(DIRECT)

#N	decvax, decvax.dec.com
#S	Vax 8300; Ultrix 32 V2.2
#O	Digital Equipment Corp.
#C	Larry Palmer
#E	decvax!lp
#T	(603)8848385
#P	MK2-1/H10 Continental Blvd, Merrimack, NH 03054
#L	42 49 N / 71 31 W
#R	
#W	
#U	bellcore cca mandrill dartvax decwrl genrad gsg harpo ichaya 
#U	linus mcnc savax tektronix ucbvax vortex yale
#R	decvax has moved to a new location - an update is expected soon... -jj
#I	Warren Toomey (decvax!wkt); simh.tuhs.org:5000
#
decvax  ihnp4(DIRECT), philabs(DIRECT), ucbvax(DIRECT), mcvax(DIRECT)

#N	ucbvax
#S	DEC VAX-11/750; 4.3 BSD UNIX
#O	University of California at Berkeley, Computer Science Division
#C	Robert W. Henry
#E	ucbvax!usenet, ucbvax!postmaster
#T	+1 415 642 1024
#P	573 Evans Hall, Berkeley, CA 94720
#L	37 52 28 N / 122 15 23 W
#R	
#U	decvax decwrl ibmpa ucsfcgl ucbcad ucbjade ucdavis usenix nike
#W	hplabs!fowler (Greg Fowler); Mon Jul 21 15:20:57 PDT 1986
#I	Cory Smelosky; sj.gewt.net:5000
#
ucbvax	decvax(DIRECT)

#N      ihnp4
#S      Vax 780; 4.3BSD
#O      Indian Hill Network Processing 4
#C      Warren Toomey
#E      ihnp!wkt
#I	Warren Toomey (ihnp4!wkt); minnie.tuhs.org:5000
#
ihnp4	decvax(DIRECT), cbosgd(DIRECT)

#N	.philips.com, philabs
#F	uunet.uu.net
#O	Philips Laboratories, North American Philips
#C	William Robertson, John Murphy
#E	rob@philabs.Philips.Com, jam@philabs.Philips.Com
#T	(914)  945-6300, (914)	945-6216
#P	345 Scarborough Road, Briarcliff Manor, New York  10510
#L	41 09 N / 73 50 W city
#U	aecom cmcl2 gcm gotham hhb lamont linus mergvax micomvax nbc1
#U	nynex1 phri polycatt prlb2 prls pwa-b spies step trotter
#U	ttidca 
#W	by rob@philabs.philips.com ; Sun Mar 20 11:41:19 EST 1988
#I	Warren Toomey (philabs!wkt); simh.tuhs.org:5500
#
philabs decvax(DIRECT), mcvax(DIRECT), seismo(DIRECT)

#N      munnari
#S      VAX 11/780 running 4.2BSD
#O      Melbourne University, Dept. of Comp. Sci.
#C      Robert Elz
#E      munnari!kre        
#T      +61 3 341 5225
#P      Parkville, Victoria, Australia 3052
#L      37 48 S / 144 58 E city
#U      mulga basser natmlab moncskermit dmsadel murdu dmtvax elecadel
#U      mungunni seismo
#R        
#W      850531 kre, 851103 rsk
#I	Warren Toomey (munnari!wkt); 192.168.1.1:5500
#
munnari decvax(DIRECT)

#N	cmcl2
#S	VAX 11/780, 4.3 BSD
#O	New York University
#C	David J. Sullivan
#E	cmcl2!sullivan
#T	(212) 460-7288
#P	251 Mercer St.,NY,NY, 10012
#L	Lat. 40 deg. 45' 6" N, Long. 73 deg. 59' 39" W
#R	
#W	gam per cmcl2!sullivan 4/10/85 (21-aug-85, removed 'rabbit' - gam)
#       (05-sep-85, removed 'timeinc' - gam)
#I	John Floren (lanl!jff); uucp.jfloren.net:6670
cmcl2	seismo(DIRECT), lanl(DIRECT)

#N	lanl
#S	VAX 11/780, 4.3 BSD
#O	Los Alamos National Laboratory 
#C	James R. Clifford
#E	jrc@LANL.ARPA jrc@LANL.UUCP
#T	(505) 667-2596
#P	C-8, Mail Stop B294, Los Alamos, NM 87545 
#L	35 53 N / 106 19 W
#R	lanl is the Internet and uucp gateway to the Los Alamos Integrated Computer Network.  Mail is forwarded invisibly to other ICN hosts.
#W	jhf@LANL, 1984-12-12
#I	John Floren (lanl!jff); uucp.jfloren.net:6666 
lanl	cmcl2(DIRECT)

#N	mcvax
#S	VAX750/4.2BSD
#O	Centrum voor Wiskunde en Informatica (CWI)
#C	Piet Beertema
#E	mcvax!piet
#T	+31 20 5920333
#P	Kruislaan 413, NL-1098 SJ Amsterdam, Netherlands
#L	52.22N 4.54E
#R	
#U	cernvax, diku, enea, kunivv1, kvport, philmds, prlb2, riv04, sara70, seismo, tnocsda, ukc, unido, uva, vmucnam
#W	mcvax!piet 850103
#I	Jacob Goense; mcvax.eunet.it:20333
#
mcvax	ukc(DIRECT), decvax(DIRECT), philabs(DIRECT), seismo(DIRECT)

#N	ukc
#S	VAX11/780, 4.2BSD
#O	Computing Laboratory, University of Kent
#C	Peter Collinson
#E	ukc!uknet ukc!pc 
#T	+44 227 66822 ext 7619
#P	Canterbury; Kent CT2 7NF
#L	01:05:00E 51:18:00N
#R	
#W	ukc!pc 85/05/11
#I	Jacob Goense; ukc.eunet.it:7619
#
ukc	mcvax(DIRECT)

#N        i2unix, italy.eu.net
#S
#O        Dipartimento di Informatica, Sistemistica e Telematica
#C        Alessandro Berni, Joy Marino
#E        i2unix!ab, i2unix!joy
#T        +39 10 353-2747
#P        Universita' di Genova, Via Opera Pia 11A, I-16145 Genova, Italy
#L        44.22N 8.55E
#R        Italian backbone site. Send help requests to iu...@italy.EU.net
#U        bpb, crai, crcc, enidbo, esacs, ic8u74, imiucca, intecs, irst
#U        romaint, sarinit, semto, strhold, unirel
#W        i2unix!ab 880201
#I	  Jacob Goense
#
#i2unix = italy.eu.net
#
i2unix	mcvax(DIRECT)
